
R version 3.3.1 (2016-06-21) -- "Bug in Your Hair"
Copyright (C) 2016 The R Foundation for Statistical Computing
Platform: x86_64-apple-darwin13.4.0 (64-bit)

R is free software and comes with ABSOLUTELY NO WARRANTY.
You are welcome to redistribute it under certain conditions.
Type 'license()' or 'licence()' for distribution details.

  Natural language support but running in an English locale

R is a collaborative project with many contributors.
Type 'contributors()' for more information and
'citation()' on how to cite R or R packages in publications.

Type 'demo()' for some demos, 'help()' for on-line help, or
'help.start()' for an HTML browser interface to help.
Type 'q()' to quit R.

During startup - Warning messages:
1: Setting LC_CTYPE failed, using "C" 
2: Setting LC_COLLATE failed, using "C" 
3: Setting LC_TIME failed, using "C" 
4: Setting LC_MESSAGES failed, using "C" 
5: Setting LC_MONETARY failed, using "C" 
[R.app GUI 1.68 (7238) x86_64-apple-darwin13.4.0]

WARNING: You're using a non-UTF8 locale, therefore only ASCII characters will work.
Please read R for Mac OS X FAQ (see Help) section 9 and adjust your system preferences accordingly.
> print(getwd())
[1] "/Users/mes2"
> setwd("/Users/mes2/Desktop/untitled folder/22")
> survey=read.csv("survey.csv")
> survey
  X Y           Z
1 8 6 Outstanding
2 5 6        Good
3 7 3        Good
4 6 9 Outstanding
> student=data.frame(X="5",Y="7")
> student
  X Y
1 5 7
> survey1=survey[,2:3]
> survey1
  Y           Z
1 6 Outstanding
2 6        Good
3 3        Good
4 9 Outstanding
> survey1=survey[,1:2]
> survey1
  X Y
1 8 6
2 5 6
3 7 3
4 6 9
> student=student[,1:2]
> 
> student
  X Y
1 5 7
> library(class)
> pred=knn(survey1,student,survey$Z,k=3)
> pred
[1] Outstanding
Levels: Good Outstanding
> 