
R version 4.1.2 (2021-11-01) -- "Bird Hippie"
Copyright (C) 2021 The R Foundation for Statistical Computing
Platform: i386-w64-mingw32/i386 (32-bit)

R is free software and comes with ABSOLUTELY NO WARRANTY.
You are welcome to redistribute it under certain conditions.
Type 'license()' or 'licence()' for distribution details.

  Natural language support but running in an English locale

R is a collaborative project with many contributors.
Type 'contributors()' for more information and
'citation()' on how to cite R or R packages in publications.

Type 'demo()' for some demos, 'help()' for on-line help, or
'help.start()' for an HTML browser interface to help.
Type 'q()' to quit R.

[Previously saved workspace restored]

> utils:::menuInstallPkgs()
--- Please select a CRAN mirror for use in this session ---
trying URL 'http://ftp.ussg.iu.edu/CRAN/bin/windows/contrib/4.1/Rcpp_1.0.8.zip'
Content type 'application/zip' length 3318072 bytes (3.2 MB)
downloaded 3.2 MB

package ‘Rcpp’ successfully unpacked and MD5 sums checked

The downloaded binary packages are in
        C:\Users\admin\AppData\Local\Temp\RtmpqO5iAx\downloaded_packages
> getwd()
[1] "C:/Users/admin/Documents"
> utils:::menuInstallPkgs()
also installing the dependencies ‘glue’, ‘magrittr’, ‘stringi’, ‘plyr’, ‘stringr’, ‘libcoin’, ‘mvtnorm’, ‘Formula’, ‘inum’, ‘reshape2’, ‘partykit’, ‘Cubist’

trying URL 'http://ftp.ussg.iu.edu/CRAN/bin/windows/contrib/4.1/glue_1.6.1.zip'
Content type 'application/zip' length 173897 bytes (169 KB)
downloaded 169 KB

trying URL 'http://ftp.ussg.iu.edu/CRAN/bin/windows/contrib/4.1/magrittr_2.0.2.zip'
Content type 'application/zip' length 238218 bytes (232 KB)
downloaded 232 KB

trying URL 'http://ftp.ussg.iu.edu/CRAN/bin/windows/contrib/4.1/stringi_1.7.6.zip'
Content type 'application/zip' length 16449819 bytes (15.7 MB)
downloaded 15.7 MB

trying URL 'http://ftp.ussg.iu.edu/CRAN/bin/windows/contrib/4.1/plyr_1.8.6.zip'
Content type 'application/zip' length 1500570 bytes (1.4 MB)
downloaded 1.4 MB

trying URL 'http://ftp.ussg.iu.edu/CRAN/bin/windows/contrib/4.1/stringr_1.4.0.zip'
Content type 'application/zip' length 217015 bytes (211 KB)
downloaded 211 KB

trying URL 'http://ftp.ussg.iu.edu/CRAN/bin/windows/contrib/4.1/libcoin_1.0-9.zip'
Content type 'application/zip' length 1005126 bytes (981 KB)
downloaded 981 KB

trying URL 'http://ftp.ussg.iu.edu/CRAN/bin/windows/contrib/4.1/mvtnorm_1.1-3.zip'
Content type 'application/zip' length 271312 bytes (264 KB)
downloaded 264 KB

trying URL 'http://ftp.ussg.iu.edu/CRAN/bin/windows/contrib/4.1/Formula_1.2-4.zip'
Content type 'application/zip' length 177681 bytes (173 KB)
downloaded 173 KB

trying URL 'http://ftp.ussg.iu.edu/CRAN/bin/windows/contrib/4.1/inum_1.0-4.zip'
Content type 'application/zip' length 39410 bytes (38 KB)
downloaded 38 KB

trying URL 'http://ftp.ussg.iu.edu/CRAN/bin/windows/contrib/4.1/reshape2_1.4.4.zip'
Content type 'application/zip' length 817934 bytes (798 KB)
downloaded 798 KB

trying URL 'http://ftp.ussg.iu.edu/CRAN/bin/windows/contrib/4.1/partykit_1.2-15.zip'
Content type 'application/zip' length 2455480 bytes (2.3 MB)
downloaded 2.3 MB

trying URL 'http://ftp.ussg.iu.edu/CRAN/bin/windows/contrib/4.1/Cubist_0.3.0.zip'
Content type 'application/zip' length 993541 bytes (970 KB)
downloaded 970 KB

trying URL 'http://ftp.ussg.iu.edu/CRAN/bin/windows/contrib/4.1/C50_0.1.5.zip'
Content type 'application/zip' length 476525 bytes (465 KB)
downloaded 465 KB

package ‘glue’ successfully unpacked and MD5 sums checked
package ‘magrittr’ successfully unpacked and MD5 sums checked
package ‘stringi’ successfully unpacked and MD5 sums checked
package ‘plyr’ successfully unpacked and MD5 sums checked
package ‘stringr’ successfully unpacked and MD5 sums checked
package ‘libcoin’ successfully unpacked and MD5 sums checked
package ‘mvtnorm’ successfully unpacked and MD5 sums checked
package ‘Formula’ successfully unpacked and MD5 sums checked
package ‘inum’ successfully unpacked and MD5 sums checked
package ‘reshape2’ successfully unpacked and MD5 sums checked
package ‘partykit’ successfully unpacked and MD5 sums checked
package ‘Cubist’ successfully unpacked and MD5 sums checked
package ‘C50’ successfully unpacked and MD5 sums checked

The downloaded binary packages are in
        C:\Users\admin\AppData\Local\Temp\RtmpqO5iAx\downloaded_packages
> setwd("C:Users/admin/Desktop/06 AMRITHA UR")
Error in setwd("C:Users/admin/Desktop/06 AMRITHA UR") : 
  cannot change working directory
> library(C50)
> library(gmodels)
> setwd("C:/Users/admin/Desktop/06 AMRITHA UR")
> credit<-read.csv("credit.csv")
> credit_train<-credit[1:900,-17]
>  credit_test<-credit[901:1000,-17]
>  credit_train_labels=credit[1:900,17]
>  credit_test<-labels=credit[901:1000,17]
Error in credit_test <- labels = credit[901:1000, 17] : 
  could not find function "<-<-"
>  credit_test_labels=credit[901:1000,17]
> credit_model<-c5.0(credit_train,as.factor(credit_train_labels))
Error in c5.0(credit_train, as.factor(credit_train_labels)) : 
  could not find function "c5.0"
>  credit_model<-C5.0(credit_train,as.factor(credit_train_labels))
> credit_model

Call:
C5.0.default(x = credit_train, y = as.factor(credit_train_labels))

Classification Tree
Number of samples: 900 
Number of predictors: 16 

Tree size: 63 

Non-standard options: attempt to group attributes

> summary(credit_model)

Call:
C5.0.default(x = credit_train, y = as.factor(credit_train_labels))


C5.0 [Release 2.07 GPL Edition]         Thu Feb 03 16:10:40 2022
-------------------------------

Class specified by attribute `outcome'

Read 900 cases (17 attributes) from undefined.data

Decision tree:

checking_balance in {unknown,> 200 DM}: no (414/53)
checking_balance in {< 0 DM,1 - 200 DM}:
:...months_loan_duration <= 11:
    :...credit_history in {critical,good,poor,perfect}: no (71/11)
    :   credit_history = very good: yes (6/1)
    months_loan_duration > 11:
    :...savings_balance in {unknown,500 - 1000 DM,> 1000 DM}:
        :...checking_balance = 1 - 200 DM: no (52/9)
        :   checking_balance = < 0 DM:
        :   :...savings_balance in {500 - 1000 DM,> 1000 DM}: no (8/1)
        :       savings_balance = unknown:
        :       :...credit_history in {critical,poor,perfect}: no (3)
        :           credit_history = very good: yes (2)
        :           credit_history = good:
        :           :...phone = no: yes (10/1)
        :               phone = yes:
        :               :...job in {skilled,unskilled,unemployed}: no (6/1)
        :                   job = management: yes (2)
        savings_balance in {< 100 DM,100 - 500 DM}:
        :...months_loan_duration > 42: yes (35/5)
            months_loan_duration <= 42:
            :...percent_of_income <= 3:
                :...employment_duration = unemployed:
                :   :...dependents <= 1: no (11/3)
                :   :   dependents > 1: yes (2)
                :   employment_duration = > 7 years:
                :   :...job in {unskilled,unemployed}: no (3)
                :   :   job = management:
                :   :   :...savings_balance = < 100 DM: no (7/2)
                :   :   :   savings_balance = 100 - 500 DM: yes (1)
                :   :   job = skilled:
                :   :   :...savings_balance = 100 - 500 DM: no (1)
                :   :       savings_balance = < 100 DM:
                :   :       :...other_credit in {bank,store}: yes (4)
                :   :           other_credit = none: [S1]
                :   employment_duration = 1 - 4 years:
                :   :...amount > 7721: yes (5)
                :   :   amount <= 7721:
                :   :   :...housing = own: no (34/8)
                :   :       housing = other: yes (1)
                :   :       housing = rent:
                :   :       :...years_at_residence <= 3: no (5)
                :   :           years_at_residence > 3:
                :   :           :...credit_history in {critical,good,poor,
                :   :               :                  perfect}: yes (7/1)
                :   :               credit_history = very good: no (1)
                :   employment_duration = < 1 year:
                :   :...other_credit = bank: no (3)
                :   :   other_credit = store: yes (1)
                :   :   other_credit = none:
                :   :   :...job in {unskilled,unemployed}: yes (8/1)
                :   :       job = management: no (2/1)
                :   :       job = skilled:
                :   :       :...age > 28: no (5)
                :   :           age <= 28:
                :   :           :...amount <= 3518: yes (7)
                :   :               amount > 3518: no (3)
                :   employment_duration = 4 - 7 years:
                :   :...savings_balance = 100 - 500 DM: no (8)
                :       savings_balance = < 100 DM:
                :       :...housing in {other,rent}: no (6)
                :           housing = own:
                :           :...purpose in {renovations,car0}: yes (0)
                :               purpose in {education,business}: no (4)
                :               purpose in {furniture/appliances,car}:
                :               :...checking_balance = < 0 DM: yes (5)
                :                   checking_balance = 1 - 200 DM:
                :                   :...months_loan_duration > 18: yes (2)
                :                       months_loan_duration <= 18:
                :                       :...other_credit in {none,
                :                           :                store}: no (3)
                :                           other_credit = bank: yes (1)
                percent_of_income > 3:
                :...credit_history in {perfect,very good}: yes (16/1)
                    credit_history in {critical,good,poor}:
                    :...purpose = education: yes (6)
                        purpose in {business,car0}: no (11/3)
                        purpose = renovations:
                        :...years_at_residence <= 3: yes (2)
                        :   years_at_residence > 3: no (2)
                        purpose = car:
                        :...savings_balance = 100 - 500 DM:
                        :   :...other_credit in {none,store}: no (4)
                        :   :   other_credit = bank: yes (1)
                        :   savings_balance = < 100 DM:
                        :   :...credit_history = poor: yes (2)
                        :       credit_history = critical:
                        :       :...months_loan_duration > 27: yes (4)
                        :       :   months_loan_duration <= 27:
                        :       :   :...amount <= 1301: yes (4/1)
                        :       :       amount > 1301: no (8/1)
                        :       credit_history = good:
                        :       :...amount > 1204: yes (12)
                        :           amount <= 1204:
                        :           :...amount <= 1028: yes (2)
                        :               amount > 1028: no (2)
                        purpose = furniture/appliances:
                        :...savings_balance = 100 - 500 DM: yes (8)
                            savings_balance = < 100 DM:
                            :...checking_balance = 1 - 200 DM:
                                :...age <= 32: no (12)
                                :   age > 32:
                                :   :...years_at_residence <= 3: yes (4)
                                :       years_at_residence > 3: no (3)
                                checking_balance = < 0 DM:
                                :...years_at_residence <= 1: no (7/1)
                                    years_at_residence > 1:
                                    :...months_loan_duration > 16: yes (22/4)
                                        months_loan_duration <= 16:
                                        :...other_credit in {none,
                                            :                bank}: no (7/1)
                                            other_credit = store: yes (1)

SubTree [S1]

purpose in {furniture/appliances,education,renovations,car0}: no (6/1)
purpose in {car,business}: yes (5/1)


Evaluation on training data (900 cases):

            Decision Tree   
          ----------------  
          Size      Errors  

            62  112(12.4%)   <<


           (a)   (b)    <-classified as
          ----  ----
           616    16    (a): class no
            96   172    (b): class yes


        Attribute usage:

        100.00% checking_balance
         54.00% months_loan_duration
         45.44% savings_balance
         32.33% percent_of_income
         27.56% credit_history
         16.78% employment_duration
         16.67% purpose
         10.11% amount
          7.67% housing
          6.78% years_at_residence
          6.78% other_credit
          6.67% job
          3.78% age
          2.00% phone
          1.44% dependents


Time: 0.0 secs

> credit_pred<-predictcredit_model,credit_test)
Error: unexpected ',' in "credit_pred<-predictcredit_model,"
>  credit_pred<-predict(credit_model,credit_test)
> credit_pred
  [1] yes no  no  no  no  no  yes no  no  no  no  no  no  no  yes yes no  no  no  yes no  no  no  no  no  yes yes yes no  yes no  no  no  no  no  yes no  no  yes no 
 [41] no  no  no  no  no  no  no  no  no  no  yes no  no  no  yes no  no  no  no  yes no  no  no  no  no  no  no  no  no  no  yes no  no  yes no  no  no  no  no  no 
 [81] yes no  no  yes no  no  no  no  yes yes no  no  yes yes no  no  yes no  yes yes
Levels: no yes
> CrossTable(credit_test_labels,credit_pred,prop.chisq=FALSE)

 
   Cell Contents
|-------------------------|
|                       N |
|           N / Row Total |
|           N / Col Total |
|         N / Table Total |
|-------------------------|

 
Total Observations in Table:  100 

 
                   | credit_pred 
credit_test_labels |        no |       yes | Row Total | 
-------------------|-----------|-----------|-----------|
                no |        55 |        13 |        68 | 
                   |     0.809 |     0.191 |     0.680 | 
                   |     0.733 |     0.520 |           | 
                   |     0.550 |     0.130 |           | 
-------------------|-----------|-----------|-----------|
               yes |        20 |        12 |        32 | 
                   |     0.625 |     0.375 |     0.320 | 
                   |     0.267 |     0.480 |           | 
                   |     0.200 |     0.120 |           | 
-------------------|-----------|-----------|-----------|
      Column Total |        75 |        25 |       100 | 
                   |     0.750 |     0.250 |           | 
-------------------|-----------|-----------|-----------|

 
> 
